Archive member included to satisfy reference by file (symbol)

C:/ST/STM32CubeIDE_1.18.1/STM32CubeIDE/plugins/com.st.stm32cube.ide.mcu.externaltools.gnu-tools-for-stm32.14.3.rel1.win32_1.0.100.202602081740/tools/bin/../lib/gcc/arm-none-eabi/14.3.1/../../../../arm-none-eabi/lib/thumb/v7e-m+fp/hard\libc_nano.a(libc_a-exit.o)
                              C:/ST/STM32CubeIDE_1.18.1/STM32CubeIDE/plugins/com.st.stm32cube.ide.mcu.externaltools.gnu-tools-for-stm32.14.3.rel1.win32_1.0.100.202602081740/tools/bin/../lib/gcc/arm-none-eabi/14.3.1/../../../../arm-none-eabi/lib/thumb/v7e-m+fp/hard/crt0.o (exit)
C:/ST/STM32CubeIDE_1.18.1/STM32CubeIDE/plugins/com.st.stm32cube.ide.mcu.externaltools.gnu-tools-for-stm32.14.3.rel1.win32_1.0.100.202602081740/tools/bin/../lib/gcc/arm-none-eabi/14.3.1/../../../../arm-none-eabi/lib/thumb/v7e-m+fp/hard\libc_nano.a(libc_a-findfp.o)
                              C:/ST/STM32CubeIDE_1.18.1/STM32CubeIDE/plugins/com.st.stm32cube.ide.mcu.externaltools.gnu-tools-for-stm32.14.3.rel1.win32_1.0.100.202602081740/tools/bin/../lib/gcc/arm-none-eabi/14.3.1/../../../../arm-none-eabi/lib/thumb/v7e-m+fp/hard\libc_nano.a(libc_a-exit.o) (__stdio_exit_handler)
C:/ST/STM32CubeIDE_1.18.1/STM32CubeIDE/plugins/com.st.stm32cube.ide.mcu.externaltools.gnu-tools-for-stm32.14.3.rel1.win32_1.0.100.202602081740/tools/bin/../lib/gcc/arm-none-eabi/14.3.1/../../../../arm-none-eabi/lib/thumb/v7e-m+fp/hard\libc_nano.a(libc_a-fwalk.o)
                              C:/ST/STM32CubeIDE_1.18.1/STM32CubeIDE/plugins/com.st.stm32cube.ide.mcu.externaltools.gnu-tools-for-stm32.14.3.rel1.win32_1.0.100.202602081740/tools/bin/../lib/gcc/arm-none-eabi/14.3.1/../../../../arm-none-eabi/lib/thumb/v7e-m+fp/hard\libc_nano.a(libc_a-findfp.o) (_fwalk_sglue)
C:/ST/STM32CubeIDE_1.18.1/STM32CubeIDE/plugins/com.st.stm32cube.ide.mcu.externaltools.gnu-tools-for-stm32.14.3.rel1.win32_1.0.100.202602081740/tools/bin/../lib/gcc/arm-none-eabi/14.3.1/../../../../arm-none-eabi/lib/thumb/v7e-m+fp/hard\libc_nano.a(libc_a-stdio.o)
                              C:/ST/STM32CubeIDE_1.18.1/STM32CubeIDE/plugins/com.st.stm32cube.ide.mcu.externaltools.gnu-tools-for-stm32.14.3.rel1.win32_1.0.100.202602081740/tools/bin/../lib/gcc/arm-none-eabi/14.3.1/../../../../arm-none-eabi/lib/thumb/v7e-m+fp/hard\libc_nano.a(libc_a-findfp.o) (__sread)
C:/ST/STM32CubeIDE_1.18.1/STM32CubeIDE/plugins/com.st.stm32cube.ide.mcu.externaltools.gnu-tools-for-stm32.14.3.rel1.win32_1.0.100.202602081740/tools/bin/../lib/gcc/arm-none-eabi/14.3.1/../../../../arm-none-eabi/lib/thumb/v7e-m+fp/hard\libc_nano.a(libc_a-memset.o)
                              C:/ST/STM32CubeIDE_1.18.1/STM32CubeIDE/plugins/com.st.stm32cube.ide.mcu.externaltools.gnu-tools-for-stm32.14.3.rel1.win32_1.0.100.202602081740/tools/bin/../lib/gcc/arm-none-eabi/14.3.1/../../../../arm-none-eabi/lib/thumb/v7e-m+fp/hard/crt0.o (memset)
C:/ST/STM32CubeIDE_1.18.1/STM32CubeIDE/plugins/com.st.stm32cube.ide.mcu.externaltools.gnu-tools-for-stm32.14.3.rel1.win32_1.0.100.202602081740/tools/bin/../lib/gcc/arm-none-eabi/14.3.1/../../../../arm-none-eabi/lib/thumb/v7e-m+fp/hard\libc_nano.a(libc_a-closer.o)
                              C:/ST/STM32CubeIDE_1.18.1/STM32CubeIDE/plugins/com.st.stm32cube.ide.mcu.externaltools.gnu-tools-for-stm32.14.3.rel1.win32_1.0.100.202602081740/tools/bin/../lib/gcc/arm-none-eabi/14.3.1/../../../../arm-none-eabi/lib/thumb/v7e-m+fp/hard\libc_nano.a(libc_a-stdio.o) (_close_r)
C:/ST/STM32CubeIDE_1.18.1/STM32CubeIDE/plugins/com.st.stm32cube.ide.mcu.externaltools.gnu-tools-for-stm32.14.3.rel1.win32_1.0.100.202602081740/tools/bin/../lib/gcc/arm-none-eabi/14.3.1/../../../../arm-none-eabi/lib/thumb/v7e-m+fp/hard\libc_nano.a(libc_a-reent.o)
                              C:/ST/STM32CubeIDE_1.18.1/STM32CubeIDE/plugins/com.st.stm32cube.ide.mcu.externaltools.gnu-tools-for-stm32.14.3.rel1.win32_1.0.100.202602081740/tools/bin/../lib/gcc/arm-none-eabi/14.3.1/../../../../arm-none-eabi/lib/thumb/v7e-m+fp/hard\libc_nano.a(libc_a-closer.o) (errno)
C:/ST/STM32CubeIDE_1.18.1/STM32CubeIDE/plugins/com.st.stm32cube.ide.mcu.externaltools.gnu-tools-for-stm32.14.3.rel1.win32_1.0.100.202602081740/tools/bin/../lib/gcc/arm-none-eabi/14.3.1/../../../../arm-none-eabi/lib/thumb/v7e-m+fp/hard\libc_nano.a(libc_a-impure.o)
                              C:/ST/STM32CubeIDE_1.18.1/STM32CubeIDE/plugins/com.st.stm32cube.ide.mcu.externaltools.gnu-tools-for-stm32.14.3.rel1.win32_1.0.100.202602081740/tools/bin/../lib/gcc/arm-none-eabi/14.3.1/../../../../arm-none-eabi/lib/thumb/v7e-m+fp/hard\libc_nano.a(libc_a-reent.o) (_impure_ptr)
C:/ST/STM32CubeIDE_1.18.1/STM32CubeIDE/plugins/com.st.stm32cube.ide.mcu.externaltools.gnu-tools-for-stm32.14.3.rel1.win32_1.0.100.202602081740/tools/bin/../lib/gcc/arm-none-eabi/14.3.1/../../../../arm-none-eabi/lib/thumb/v7e-m+fp/hard\libc_nano.a(libc_a-lseekr.o)
[...]
Memory Configuration

Name             Origin             Length             Attributes
CCMRAM           0x10000000         0x00010000         xrw
RAM              0x20000000         0x00020000         xrw
FLASH            0x08000000         0x00080000         xr
*default*        0x00000000         0xffffffff

Linker script and memory map

LOAD C:/ST/STM32CubeIDE_1.18.1/STM32CubeIDE/plugins/com.st.stm32cube.ide.mcu.externaltools.gnu-tools-for-stm32.14.3.rel1.win32_1.0.100.202602081740/tools/bin/../lib/gcc/arm-none-eabi/14.3.1/thumb/v7e-m+fp/hard/crti.o
LOAD C:/ST/STM32CubeIDE_1.18.1/STM32CubeIDE/plugins/com.st.stm32cube.ide.mcu.externaltools.gnu-tools-for-stm32.14.3.rel1.win32_1.0.100.202602081740/tools/bin/../lib/gcc/arm-none-eabi/14.3.1/thumb/v7e-m+fp/hard/crtbegin.o
LOAD C:/ST/STM32CubeIDE_1.18.1/STM32CubeIDE/plugins/com.st.stm32cube.ide.mcu.externaltools.gnu-tools-for-stm32.14.3.rel1.win32_1.0.100.202602081740/tools/bin/../lib/gcc/arm-none-eabi/14.3.1/../../../../arm-none-eabi/lib/thumb/v7e-m+fp/hard/crt0.o
LOAD ./Core/Src/general.o
LOAD ./Core/Src/main.o
LOAD ./Core/Src/stm32f4xx_hal_msp.o
LOAD ./Core/Src/stm32f4xx_it.o
LOAD ./Core/Src/syscalls.o
LOAD ./Core/Src/sysmem.o
LOAD ./Core/Src/system_stm32f4xx.o
LOAD ./Core/Src/tft.o
LOAD ./Core/Startup/startup_stm32f407vetx.o
LOAD ./Drivers/Middlewares/TFT_LCD/ILI9341.o
LOAD ./Drivers/Middlewares/TFT_LCD/fonts.o
LOAD ./Drivers/STM32F4xx_HAL_Driver/Src/stm32f4xx_hal.o
LOAD ./Drivers/STM32F4xx_HAL_Driver/Src/stm32f4xx_hal_adc.o
LOAD ./Drivers/STM32F4xx_HAL_Driver/Src/stm32f4xx_hal_adc_ex.o
LOAD ./Drivers/STM32F4xx_HAL_Driver/Src/stm32f4xx_hal_cortex.o
LOAD ./Drivers/STM32F4xx_HAL_Driver/Src/stm32f4xx_hal_dma.o
LOAD ./Drivers/STM32F4xx_HAL_Driver/Src/stm32f4xx_hal_dma_ex.o
LOAD ./Drivers/STM32F4xx_HAL_Driver/Src/stm32f4xx_hal_exti.o
LOAD ./Drivers/STM32F4xx_HAL_Driver/Src/stm32f4xx_hal_flash.o
LOAD ./Drivers/STM32F4xx_HAL_Driver/Src/stm32f4xx_hal_flash_ex.o
LOAD ./Drivers/STM32F4xx_HAL_Driver/Src/stm32f4xx_hal_flash_ramfunc.o
LOAD ./Drivers/STM32F4xx_HAL_Driver/Src/stm32f4xx_hal_gpio.o
LOAD ./Drivers/STM32F4xx_HAL_Driver/Src/stm32f4xx_hal_nand.o
LOAD ./Drivers/STM32F4xx_HAL_Driver/Src/stm32f4xx_hal_nor.o
LOAD ./Drivers/STM32F4xx_HAL_Driver/Src/stm32f4xx_hal_pccard.o
LOAD ./Drivers/STM32F4xx_HAL_Driver/Src/stm32f4xx_hal_pwr.o
LOAD ./Drivers/STM32F4xx_HAL_Driver/Src/stm32f4xx_hal_pwr_ex.o
LOAD ./Drivers/STM32F4xx_HAL_Driver/Src/stm32f4xx_hal_rcc.o
LOAD ./Drivers/STM32F4xx_HAL_Driver/Src/stm32f4xx_hal_rcc_ex.o
LOAD ./Drivers/STM32F4xx_HAL_Driver/Src/stm32f4xx_hal_sram.o
LOAD ./Drivers/STM32F4xx_HAL_Driver/Src/stm32f4xx_ll_fsmc.o
START GROUP
LOAD C:/ST/STM32CubeIDE_1.18.1/STM32CubeIDE/plugins/com.st.stm32cube.ide.mcu.externaltools.gnu-tools-for-stm32.14.3.rel1.win32_1.0.100.202602081740/tools/bin/../lib/gcc/arm-none-eabi/14.3.1/../../../../arm-none-eabi/lib/thumb/v7e-m+fp/hard\libc_nano.a
LOAD C:/ST/STM32CubeIDE_1.18.1/STM32CubeIDE/plugins/com.st.stm32cube.ide.mcu.externaltools.gnu-tools-for-stm32.14.3.rel1.win32_1.0.100.202602081740/tools/bin/../lib/gcc/arm-none-eabi/14.3.1/../../../../arm-none-eabi/lib/thumb/v7e-m+fp/hard\libm.a
END GROUP
START GROUP
LOAD C:/ST/STM32CubeIDE_1.18.1/STM32CubeIDE/plugins/com.st.stm32cube.ide.mcu.externaltools.gnu-tools-for-stm32.14.3.rel1.win32_1.0.100.202602081740/tools/bin/../lib/gcc/arm-none-eabi/14.3.1/thumb/v7e-m+fp/hard\libgcc.a
LOAD C:/ST/STM32CubeIDE_1.18.1/STM32CubeIDE/plugins/com.st.stm32cube.ide.mcu.externaltools.gnu-tools-for-stm32.14.3.rel1.win32_1.0.100.202602081740/tools/bin/../lib/gcc/arm-none-eabi/14.3.1/../../../../arm-none-eabi/lib/thumb/v7e-m+fp/hard\libc_nano.a
END GROUP
START GROUP
LOAD C:/ST/STM32CubeIDE_1.18.1/STM32CubeIDE/plugins/com.st.stm32cube.ide.mcu.externaltools.gnu-tools-for-stm32.14.3.rel1.win32_1.0.100.202602081740/tools/bin/../lib/gcc/arm-none-eabi/14.3.1/thumb/v7e-m+fp/hard\libgcc.a
LOAD C:/ST/STM32CubeIDE_1.18.1/STM32CubeIDE/plugins/com.st.stm32cube.ide.mcu.externaltools.gnu-tools-for-stm32.14.3.rel1.win32_1.0.100.202602081740/tools/bin/../lib/gcc/arm-none-eabi/14.3.1/../../../../arm-none-eabi/lib/thumb/v7e-m+fp/hard\libc_nano.a
LOAD C:/ST/STM32CubeIDE_1.18.1/STM32CubeIDE/plugins/com.st.stm32cube.ide.mcu.externaltools.gnu-tools-for-stm32.14.3.rel1.win32_1.0.100.202602081740/tools/bin/../lib/gcc/arm-none-eabi/14.3.1/../../../../arm-none-eabi/lib/thumb/v7e-m+fp/hard\libnosys.a
END GROUP
START GROUP
LOAD C:/ST/STM32CubeIDE_1.18.1/STM32CubeIDE/plugins/com.st.stm32cube.ide.mcu.externaltools.gnu-tools-for-stm32.14.3.rel1.win32_1.0.100.202602081740/tools/bin/../lib/gcc/arm-none-eabi/14.3.1/thumb/v7e-m+fp/hard\libgcc.a
LOAD C:/ST/STM32CubeIDE_1.18.1/STM32CubeIDE/plugins/com.st.stm32cube.ide.mcu.externaltools.gnu-tools-for-stm32.14.3.rel1.win32_1.0.100.202602081740/tools/bin/../lib/gcc/arm-none-eabi/14.3.1/../../../../arm-none-eabi/lib/thumb/v7e-m+fp/hard\libc_nano.a
LOAD C:/ST/STM32CubeIDE_1.18.1/STM32CubeIDE/plugins/com.st.stm32cube.ide.mcu.externaltools.gnu-tools-for-stm32.14.3.rel1.win32_1.0.100.202602081740/tools/bin/../lib/gcc/arm-none-eabi/14.3.1/../../../../arm-none-eabi/lib/thumb/v7e-m+fp/hard\libnosys.a
END GROUP
LOAD C:/ST/STM32CubeIDE_1.18.1/STM32CubeIDE/plugins/com.st.stm32cube.ide.mcu.externaltools.gnu-tools-for-stm32.14.3.rel1.win32_1.0.100.202602081740/tools/bin/../lib/gcc/arm-none-eabi/14.3.1/thumb/v7e-m+fp/hard/crtend.o
LOAD C:/ST/STM32CubeIDE_1.18.1/STM32CubeIDE/plugins/com.st.stm32cube.ide.mcu.externaltools.gnu-tools-for-stm32.14.3.rel1.win32_1.0.100.202602081740/tools/bin/../lib/gcc/arm-none-eabi/14.3.1/thumb/v7e-m+fp/hard/crtn.o
                0x20020000                        _estack = (ORIGIN (RAM) + LENGTH (RAM))
                0x00000200                        _Min_Heap_Size = 0x200
                0x00000400                        _Min_Stack_Size = 0x400

.isr_vector     0x08000000      0x188
                0x08000000                        . = ALIGN (0x4)
 *(.isr_vector)
 .isr_vector    0x08000000      0x188 ./Core/Startup/startup_stm32f407vetx.o
                0x08000000                g_pfnVectors
                0x08000188                        . = ALIGN (0x4)

.text           0x08000188     0x2574
                0x08000188                        . = ALIGN (0x4)
 *(.text)
 .text          0x08000188       0x40 C:/ST/STM32CubeIDE_1.18.1/STM32CubeIDE/plugins/com.st.stm32cube.ide.mcu.externaltools.gnu-tools-for-stm32.14.3.rel1.win32_1.0.100.202602081740/tools/bin/../lib/gcc/arm-none-eabi/14.3.1/thumb/v7e-m+fp/hard/crtbegin.o
 .text          0x080001c8       0x30 C:/ST/STM32CubeIDE_1.18.1/STM32CubeIDE/plugins/com.st.stm32cube.ide.mcu.externaltools.gnu-tools-for-stm32.14.3.rel1.win32_1.0.100.202602081740/tools/bin/../lib/gcc/arm-none-eabi/14.3.1/thumb/v7e-m+fp/hard\libgcc.a(_aeabi_uldivmod.o)
                0x080001c8                __aeabi_uldivmod
 .text          0x080001f8      0x2f8 C:/ST/STM32CubeIDE_1.18.1/STM32CubeIDE/plugins/com.st.stm32cube.ide.mcu.externaltools.gnu-tools-for-stm32.14.3.rel1.win32_1.0.100.202602081740/tools/bin/../lib/gcc/arm-none-eabi/14.3.1/thumb/v7e-m+fp/hard\libgcc.a(_udivmoddi4.o)
                0x080001f8                __udivmoddi4
 .text          0x080004f0        0x4 C:/ST/STM32CubeIDE_1.18.1/STM32CubeIDE/plugins/com.st.stm32cube.ide.mcu.externaltools.gnu-tools-for-stm32.14.3.rel1.win32_1.0.100.202602081740/tools/bin/../lib/gcc/arm-none-eabi/14.3.1/thumb/v7e-m+fp/hard\libgcc.a(_dvmd_tls.o)
                0x080004f0                __aeabi_idiv0
                0x080004f0                __aeabi_ldiv0
 *(.text*)
 .text.GENERAL_Init
                0x080004f4       0x28 ./Core/Src/general.o
                0x080004f4                GENERAL_Init
 .text.GENERAL_RUN
                0x0800051c        0xe ./Core/Src/general.o
                0x0800051c                GENERAL_RUN
 .text.GENERAL_TFT_SelfTest
                0x0800052a       0x36 ./Core/Src/general.o
                0x0800052a                GENERAL_TFT_SelfTest
 .text.main     0x08000560       0x22 ./Core/Src/main.o
                0x08000560                main
 *fill*         0x08000582        0x2 
 .text.SystemClock_Config
                0x08000584       0xd4 ./Core/Src/main.o
                0x08000584                SystemClock_Config
 .text.MX_ADC1_Init
                0x08000658       0xa4 ./Core/Src/main.o
 .text.MX_GPIO_Init
                0x080006fc       0xf8 ./Core/Src/main.o
 .text.MX_FSMC_Init
                0x080007f4       0xf4 ./Core/Src/main.o
 .text.Error_Handler
                0x080008e8        0xc ./Core/Src/main.o
                0x080008e8                Error_Handler
 .text.HAL_MspInit
                0x080008f4       0x50 ./Core/Src/stm32f4xx_hal_msp.o
                0x080008f4                HAL_MspInit
 .text.HAL_ADC_MspInit
                0x08000944       0x88 ./Core/Src/stm32f4xx_hal_msp.o
                0x08000944                HAL_ADC_MspInit
 .text.HAL_FSMC_MspInit
                0x080009cc       0x98 ./Core/Src/stm32f4xx_hal_msp.o
 .text.HAL_SRAM_MspInit
                0x08000a64       0x14 ./Core/Src/stm32f4xx_hal_msp.o
                0x08000a64                HAL_SRAM_MspInit
 .text.NMI_Handler
                0x08000a78        0x8 ./Core/Src/stm32f4xx_it.o
                0x08000a78                NMI_Handler
 .text.HardFault_Handler
                0x08000a80        0x8 ./Core/Src/stm32f4xx_it.o
                0x08000a80                HardFault_Handler
 .text.MemManage_Handler
                0x08000a88        0x8 ./Core/Src/stm32f4xx_it.o
                0x08000a88                MemManage_Handler
 .text.BusFault_Handler
                0x08000a90        0x8 ./Core/Src/stm32f4xx_it.o
                0x08000a90                BusFault_Handler
 .text.UsageFault_Handler
                0x08000a98        0x8 ./Core/Src/stm32f4xx_it.o
                0x08000a98                UsageFault_Handler
 .text.SVC_Handler
                0x08000aa0        0xe ./Core/Src/stm32f4xx_it.o
                0x08000aa0                SVC_Handler
 .text.DebugMon_Handler
                0x08000aae        0xe ./Core/Src/stm32f4xx_it.o
                0x08000aae                DebugMon_Handler
 .text.PendSV_Handler
                0x08000abc        0xe ./Core/Src/stm32f4xx_it.o
                0x08000abc                PendSV_Handler
 .text.SysTick_Handler
                0x08000aca        0xc ./Core/Src/stm32f4xx_it.o
                0x08000aca                SysTick_Handler
 *fill*         0x08000ad6        0x2 
 .text.SystemInit
                0x08000ad8       0x24 ./Core/Src/system_stm32f4xx.o
                0x08000ad8                SystemInit
 .text.TFT_Init
                0x08000afc       0x12 ./Core/Src/tft.o
                0x08000afc                TFT_Init
 .text.TFT_Clear
                0x08000b0e       0x1a ./Core/Src/tft.o
                0x08000b0e                TFT_Clear
 .text.TFT_DrawChar
                0x08000b28       0xe2 ./Core/Src/tft.o
                0x08000b28                TFT_DrawChar
 .text.TFT_PrintFont
                0x08000c0a       0x90 ./Core/Src/tft.o
                0x08000c0a                TFT_PrintFont
 *fill*         0x08000c9a        0x2 
 .text.TFT_Print
                0x08000c9c       0x34 ./Core/Src/tft.o
                0x08000c9c                TFT_Print
 .text.Reset_Handler
                0x08000cd0       0x50 ./Core/Startup/startup_stm32f407vetx.o
                0x08000cd0                Reset_Handler
 .text.Default_Handler
                0x08000d20        0x2 ./Core/Startup/startup_stm32f407vetx.o
                0x08000d20                RTC_Alarm_IRQHandler
                0x08000d20                HASH_RNG_IRQHandler
                0x08000d20                EXTI2_IRQHandler
                0x08000d20                TIM8_CC_IRQHandler
                0x08000d20                TIM1_CC_IRQHandler
                0x08000d20                DMA2_Stream5_IRQHandler
                0x08000d20                DMA1_Stream5_IRQHandler
                0x08000d20                PVD_IRQHandler
                0x08000d20                SDIO_IRQHandler
                0x08000d20                TAMP_STAMP_IRQHandler
                0x08000d20                CAN2_RX1_IRQHandler
                0x08000d20                EXTI3_IRQHandler
                0x08000d20                TIM8_TRG_COM_TIM14_IRQHandler
                0x08000d20                TIM1_UP_TIM10_IRQHandler
                0x08000d20                TIM8_UP_TIM13_IRQHandler
                0x08000d20                I2C3_ER_IRQHandler
                0x08000d20                EXTI0_IRQHandler
                0x08000d20                I2C2_EV_IRQHandler
                0x08000d20                DMA1_Stream2_IRQHandler
                0x08000d20                CAN1_RX0_IRQHandler
                0x08000d20                FPU_IRQHandler
                0x08000d20                OTG_HS_WKUP_IRQHandler
                0x08000d20                CAN2_SCE_IRQHandler
                0x08000d20                DMA2_Stream2_IRQHandler
                0x08000d20                SPI1_IRQHandler
                0x08000d20                TIM6_DAC_IRQHandler
                0x08000d20                TIM1_BRK_TIM9_IRQHandler
                0x08000d20                DCMI_IRQHandler
                0x08000d20                CAN2_RX0_IRQHandler
                0x08000d20                DMA2_Stream3_IRQHandler
                0x08000d20                USART6_IRQHandler
                0x08000d20                USART3_IRQHandler
                0x08000d20                CAN1_RX1_IRQHandler
                0x08000d20                UART5_IRQHandler
                0x08000d20                DMA2_Stream0_IRQHandler
                0x08000d20                TIM4_IRQHandler
                0x08000d20                I2C1_EV_IRQHandler
                0x08000d20                DMA1_Stream6_IRQHandler
                0x08000d20                DMA1_Stream1_IRQHandler
                0x08000d20                UART4_IRQHandler
                0x08000d20                TIM3_IRQHandler
                0x08000d20                RCC_IRQHandler
                0x08000d20                TIM8_BRK_TIM12_IRQHandler
                0x08000d20                Default_Handler
                0x08000d20                EXTI15_10_IRQHandler
                0x08000d20                ADC_IRQHandler
                0x08000d20                DMA1_Stream7_IRQHandler
                0x08000d20                TIM7_IRQHandler
                0x08000d20                CAN2_TX_IRQHandler
                0x08000d20                TIM5_IRQHandler
                0x08000d20                DMA2_Stream7_IRQHandler
                0x08000d20                I2C3_EV_IRQHandler
                0x08000d20                EXTI9_5_IRQHandler
                0x08000d20                RTC_WKUP_IRQHandler
                0x08000d20                ETH_WKUP_IRQHandler
                0x08000d20                SPI2_IRQHandler
                0x08000d20                OTG_HS_EP1_IN_IRQHandler
                0x08000d20                DMA1_Stream0_IRQHandler
                0x08000d20                CAN1_TX_IRQHandler
                0x08000d20                EXTI4_IRQHandler
                0x08000d20                FSMC_IRQHandler
                0x08000d20                ETH_IRQHandler
                0x08000d20                OTG_HS_EP1_OUT_IRQHandler
                0x08000d20                WWDG_IRQHandler
                0x08000d20                TIM2_IRQHandler
                0x08000d20                OTG_FS_WKUP_IRQHandler
                0x08000d20                TIM1_TRG_COM_TIM11_IRQHandler
                0x08000d20                OTG_HS_IRQHandler
                0x08000d20                EXTI1_IRQHandler
                0x08000d20                USART2_IRQHandler
                0x08000d20                I2C2_ER_IRQHandler
                0x08000d20                DMA2_Stream1_IRQHandler
                0x08000d20                CAN1_SCE_IRQHandler
                0x08000d20                FLASH_IRQHandler
                0x08000d20                DMA2_Stream4_IRQHandler
                0x08000d20                USART1_IRQHandler
                0x08000d20                OTG_FS_IRQHandler
                0x08000d20                SPI3_IRQHandler
                0x08000d20                DMA1_Stream4_IRQHandler
                0x08000d20                I2C1_ER_IRQHandler
                0x08000d20                DMA2_Stream6_IRQHandler
                0x08000d20                DMA1_Stream3_IRQHandler
 .text.ILI9341_WriteCmd
                0x08000d22       0x1e ./Drivers/Middlewares/TFT_LCD/ILI9341.o
                0x08000d22                ILI9341_WriteCmd
 .text.ILI9341_WriteData
                0x08000d40       0x20 ./Drivers/Middlewares/TFT_LCD/ILI9341.o
                0x08000d40                ILI9341_WriteData
 .text.ILI9341_WriteData16
                0x08000d60       0x30 ./Drivers/Middlewares/TFT_LCD/ILI9341.o
                0x08000d60                ILI9341_WriteData16
 .text.ILI9341_SetWindow
                0x08000d90       0x58 ./Drivers/Middlewares/TFT_LCD/ILI9341.o
                0x08000d90                ILI9341_SetWindow
 .text.ILI9341_Init
                0x08000de8      0x240 ./Drivers/Middlewares/TFT_LCD/ILI9341.o
                0x08000de8                ILI9341_Init
 .text.ILI9341_FillScreen
                0x08001028       0x44 ./Drivers/Middlewares/TFT_LCD/ILI9341.o
                0x08001028                ILI9341_FillScreen
 .text.HAL_Init
                0x0800106c       0x44 ./Drivers/STM32F4xx_HAL_Driver/Src/stm32f4xx_hal.o
                0x0800106c                HAL_Init
 .text.HAL_InitTick
                0x080010b0       0x60 ./Drivers/STM32F4xx_HAL_Driver/Src/stm32f4xx_hal.o
                0x080010b0                HAL_InitTick
 .text.HAL_IncTick
                0x08001110       0x28 ./Drivers/STM32F4xx_HAL_Driver/Src/stm32f4xx_hal.o
                0x08001110                HAL_IncTick
 .text.HAL_GetTick
                0x08001138       0x18 ./Drivers/STM32F4xx_HAL_Driver/Src/stm32f4xx_hal.o
                0x08001138                HAL_GetTick
 .text.HAL_Delay
                0x08001150       0x48 ./Drivers/STM32F4xx_HAL_Driver/Src/stm32f4xx_hal.o
                0x08001150                HAL_Delay
 .text.HAL_ADC_Init
                0x08001198       0x86 ./Drivers/STM32F4xx_HAL_Driver/Src/stm32f4xx_hal_adc.o
                0x08001198                HAL_ADC_Init
 *fill*         0x0800121e        0x2 
 .text.HAL_ADC_ConfigChannel
                0x08001220      0x244 ./Drivers/STM32F4xx_HAL_Driver/Src/stm32f4xx_hal_adc.o
                0x08001220                HAL_ADC_ConfigChannel
 .text.ADC_Init
                0x08001464      0x1f8 ./Drivers/STM32F4xx_HAL_Driver/Src/stm32f4xx_hal_adc.o
 .text.__NVIC_SetPriorityGrouping
                0x0800165c       0x48 ./Drivers/STM32F4xx_HAL_Driver/Src/stm32f4xx_hal_cortex.o
 .text.__NVIC_GetPriorityGrouping
                0x080016a4       0x1c ./Drivers/STM32F4xx_HAL_Driver/Src/stm32f4xx_hal_cortex.o
 .text.__NVIC_SetPriority
                0x080016c0       0x54 ./Drivers/STM32F4xx_HAL_Driver/Src/stm32f4xx_hal_cortex.o
 .text.NVIC_EncodePriority
                0x08001714       0x66 ./Drivers/STM32F4xx_HAL_Driver/Src/stm32f4xx_hal_cortex.o
 *fill*         0x0800177a        0x2 
 .text.SysTick_Config
                0x0800177c       0x44 ./Drivers/STM32F4xx_HAL_Driver/Src/stm32f4xx_hal_cortex.o
 .text.HAL_NVIC_SetPriorityGrouping
                0x080017c0       0x16 ./Drivers/STM32F4xx_HAL_Driver/Src/stm32f4xx_hal_cortex.o
                0x080017c0                HAL_NVIC_SetPriorityGrouping
 .text.HAL_NVIC_SetPriority
                0x080017d6       0x38 ./Drivers/STM32F4xx_HAL_Driver/Src/stm32f4xx_hal_cortex.o
                0x080017d6                HAL_NVIC_SetPriority
 .text.HAL_SYSTICK_Config
                0x0800180e       0x18 ./Drivers/STM32F4xx_HAL_Driver/Src/stm32f4xx_hal_cortex.o
                0x0800180e                HAL_SYSTICK_Config
 *fill*         0x08001826        0x2 
 .text.HAL_GPIO_Init
                0x08001828      0x338 ./Drivers/STM32F4xx_HAL_Driver/Src/stm32f4xx_hal_gpio.o
                0x08001828                HAL_GPIO_Init
 .text.HAL_GPIO_WritePin
                0x08001b60       0x32 ./Drivers/STM32F4xx_HAL_Driver/Src/stm32f4xx_hal_gpio.o
                0x08001b60                HAL_GPIO_WritePin
 *fill*         0x08001b92        0x2 
 .text.HAL_RCC_OscConfig
                0x08001b94      0x4f0 ./Drivers/STM32F4xx_HAL_Driver/Src/stm32f4xx_hal_rcc.o
                0x08001b94                HAL_RCC_OscConfig
 .text.HAL_RCC_ClockConfig
                0x08002084      0x1cc ./Drivers/STM32F4xx_HAL_Driver/Src/stm32f4xx_hal_rcc.o
                0x08002084                HAL_RCC_ClockConfig
 .text.HAL_RCC_GetSysClockFreq
                0x08002250      0x20c ./Drivers/STM32F4xx_HAL_Driver/Src/stm32f4xx_hal_rcc.o
                0x08002250                HAL_RCC_GetSysClockFreq
 .text.HAL_SRAM_Init
                0x0800245c       0x90 ./Drivers/STM32F4xx_HAL_Driver/Src/stm32f4xx_hal_sram.o
                0x0800245c                HAL_SRAM_Init
 .text.FSMC_NORSRAM_Init
                0x080024ec       0xd4 ./Drivers/STM32F4xx_HAL_Driver/Src/stm32f4xx_ll_fsmc.o
                0x080024ec                FSMC_NORSRAM_Init
 .text.FSMC_NORSRAM_Timing_Init
                0x080025c0       0x5c ./Drivers/STM32F4xx_HAL_Driver/Src/stm32f4xx_ll_fsmc.o
                0x080025c0                FSMC_NORSRAM_Timing_Init
 .text.FSMC_NORSRAM_Extended_Timing_Init
                0x0800261c       0x70 ./Drivers/STM32F4xx_HAL_Driver/Src/stm32f4xx_ll_fsmc.o
                0x0800261c                FSMC_NORSRAM_Extended_Timing_Init
 .text.memset   0x0800268c       0x10 C:/ST/STM32CubeIDE_1.18.1/STM32CubeIDE/plugins/com.st.stm32cube.ide.mcu.externaltools.gnu-tools-for-stm32.14.3.rel1.win32_1.0.100.202602081740/tools/bin/../lib/gcc/arm-none-eabi/14.3.1/../../../../arm-none-eabi/lib/thumb/v7e-m+fp/hard\libc_nano.a(libc_a-memset.o)
                0x0800268c                memset
 .text.__libc_init_array
                0x0800269c       0x48 C:/ST/STM32CubeIDE_1.18.1/STM32CubeIDE/plugins/com.st.stm32cube.ide.mcu.externaltools.gnu-tools-for-stm32.14.3.rel1.win32_1.0.100.202602081740/tools/bin/../lib/gcc/arm-none-eabi/14.3.1/../../../../arm-none-eabi/lib/thumb/v7e-m+fp/hard\libc_nano.a(libc_a-init.o)
                0x0800269c                __libc_init_array
 *(.glue_7)
 .glue_7        0x080026e4        0x0 linker stubs
 *(.glue_7t)
 .glue_7t       0x080026e4        0x0 linker stubs
 *(.eh_frame)
 .eh_frame      0x080026e4        0x0 C:/ST/STM32CubeIDE_1.18.1/STM32CubeIDE/plugins/com.st.stm32cube.ide.mcu.externaltools.gnu-tools-for-stm32.14.3.rel1.win32_1.0.100.202602081740/tools/bin/../lib/gcc/arm-none-eabi/14.3.1/thumb/v7e-m+fp/hard/crtbegin.o
 *(.init)
 .init          0x080026e4        0x4 C:/ST/STM32CubeIDE_1.18.1/STM32CubeIDE/plugins/com.st.stm32cube.ide.mcu.externaltools.gnu-tools-for-stm32.14.3.rel1.win32_1.0.100.202602081740/tools/bin/../lib/gcc/arm-none-eabi/14.3.1/thumb/v7e-m+fp/hard/crti.o
                0x080026e4                _init
 .init          0x080026e8        0x8 C:/ST/STM32CubeIDE_1.18.1/STM32CubeIDE/plugins/com.st.stm32cube.ide.mcu.externaltools.gnu-tools-for-stm32.14.3.rel1.win32_1.0.100.202602081740/tools/bin/../lib/gcc/arm-none-eabi/14.3.1/thumb/v7e-m+fp/hard/crtn.o
 *(.fini)
 .fini          0x080026f0        0x4 C:/ST/STM32CubeIDE_1.18.1/STM32CubeIDE/plugins/com.st.stm32cube.ide.mcu.externaltools.gnu-tools-for-stm32.14.3.rel1.win32_1.0.100.202602081740/tools/bin/../lib/gcc/arm-none-eabi/14.3.1/thumb/v7e-m+fp/hard/crti.o
                0x080026f0                _fini
 .fini          0x080026f4        0x8 C:/ST/STM32CubeIDE_1.18.1/STM32CubeIDE/plugins/com.st.stm32cube.ide.mcu.externaltools.gnu-tools-for-stm32.14.3.rel1.win32_1.0.100.202602081740/tools/bin/../lib/gcc/arm-none-eabi/14.3.1/thumb/v7e-m+fp/hard/crtn.o
                0x080026fc                        . = ALIGN (0x4)
                0x080026fc                        _etext = .

.vfp11_veneer   0x080026fc        0x0
 .vfp11_veneer  0x080026fc        0x0 linker stubs

.v4_bx          0x080026fc        0x0
 .v4_bx         0x080026fc        0x0 linker stubs

.iplt           0x080026fc        0x0
 .iplt          0x080026fc        0x0 C:/ST/STM32CubeIDE_1.18.1/STM32CubeIDE/plugins/com.st.stm32cube.ide.mcu.externaltools.gnu-tools-for-stm32.14.3.rel1.win32_1.0.100.202602081740/tools/bin/../lib/gcc/arm-none-eabi/14.3.1/thumb/v7e-m+fp/hard/crtbegin.o

.rodata         0x080026fc      0x798
                0x080026fc                        . = ALIGN (0x4)
 *(.rodata)
 .rodata        0x080026fc        0x6 ./Core/Src/general.o
 *(.rodata*)
 *fill*         0x08002702        0x2 
 .rodata.AHBPrescTable
                0x08002704       0x10 ./Core/Src/system_stm32f4xx.o
                0x08002704                AHBPrescTable
 .rodata.Font7x10
                0x08002714      0x780 ./Drivers/Middlewares/TFT_LCD/fonts.o
                0x08002714                Font7x10
                0x08002e94                        . = ALIGN (0x4)

.ARM.extab      0x08002e94        0x0
                0x08002e94                        . = ALIGN (0x4)
 *(.ARM.extab* .gnu.linkonce.armextab.*)
                0x08002e94                        . = ALIGN (0x4)

.ARM            0x08002e94        0x8
                0x08002e94                        . = ALIGN (0x4)
                0x08002e94                        __exidx_start = .
 *(.ARM.exidx*)
 .ARM.exidx     0x08002e94        0x8 C:/ST/STM32CubeIDE_1.18.1/STM32CubeIDE/plugins/com.st.stm32cube.ide.mcu.externaltools.gnu-tools-for-stm32.14.3.rel1.win32_1.0.100.202602081740/tools/bin/../lib/gcc/arm-none-eabi/14.3.1/thumb/v7e-m+fp/hard\libgcc.a(_udivmoddi4.o)
                0x08002e9c                        __exidx_end = .
                0x08002e9c                        . = ALIGN (0x4)

.preinit_array  0x08002e9c        0x0
                0x08002e9c                        . = ALIGN (0x4)
                0x08002e9c                        PROVIDE (__preinit_array_start = .)
 *(.preinit_array*)
                0x08002e9c                        PROVIDE (__preinit_array_end = .)
                0x08002e9c                        . = ALIGN (0x4)

.init_array     0x08002e9c        0x4
                0x08002e9c                        . = ALIGN (0x4)
                0x08002e9c                        PROVIDE (__init_array_start = .)
 *(SORT_BY_NAME(.init_array.*))
 *(.init_array*)
 .init_array    0x08002e9c        0x4 C:/ST/STM32CubeIDE_1.18.1/STM32CubeIDE/plugins/com.st.stm32cube.ide.mcu.externaltools.gnu-tools-for-stm32.14.3.rel1.win32_1.0.100.202602081740/tools/bin/../lib/gcc/arm-none-eabi/14.3.1/thumb/v7e-m+fp/hard/crtbegin.o
                0x08002ea0                        PROVIDE (__init_array_end = .)
                0x08002ea0                        . = ALIGN (0x4)

.fini_array     0x08002ea0        0x4
                0x08002ea0                        . = ALIGN (0x4)
                [!provide]                        PROVIDE (__fini_array_start = .)
 *(SORT_BY_NAME(.fini_array.*))
 *(.fini_array*)
 .fini_array    0x08002ea0        0x4 C:/ST/STM32CubeIDE_1.18.1/STM32CubeIDE/plugins/com.st.stm32cube.ide.mcu.externaltools.gnu-tools-for-stm32.14.3.rel1.win32_1.0.100.202602081740/tools/bin/../lib/gcc/arm-none-eabi/14.3.1/thumb/v7e-m+fp/hard/crtbegin.o
                [!provide]                        PROVIDE (__fini_array_end = .)
                0x08002ea4                        . = ALIGN (0x4)
                0x08002ea4                        _sidata = LOADADDR (.data)

.rel.dyn        0x08002ea4        0x0
 .rel.iplt      0x08002ea4        0x0 C:/ST/STM32CubeIDE_1.18.1/STM32CubeIDE/plugins/com.st.stm32cube.ide.mcu.externaltools.gnu-tools-for-stm32.14.3.rel1.win32_1.0.100.202602081740/tools/bin/../lib/gcc/arm-none-eabi/14.3.1/thumb/v7e-m+fp/hard/crtbegin.o

.data           0x20000000       0x14 load address 0x08002ea4
                0x20000000                        . = ALIGN (0x4)
                0x20000000                        _sdata = .
 *(.data)
 *(.data*)
 .data.SystemCoreClock
                0x20000000        0x4 ./Core/Src/system_stm32f4xx.o
                0x20000000                SystemCoreClock
 .data.Font_7x10
                0x20000004        0x8 ./Drivers/Middlewares/TFT_LCD/fonts.o
                0x20000004                Font_7x10
 .data.uwTickPrio
                0x2000000c        0x4 ./Drivers/STM32F4xx_HAL_Driver/Src/stm32f4xx_hal.o
                0x2000000c                uwTickPrio
 .data.uwTickFreq
                0x20000010        0x1 ./Drivers/STM32F4xx_HAL_Driver/Src/stm32f4xx_hal.o
                0x20000010                uwTickFreq
 *(.RamFunc)
 *(.RamFunc*)
                0x20000014                        . = ALIGN (0x4)
 *fill*         0x20000011        0x3 
                0x20000014                        _edata = .
                0x08002eb8                        _siccmram = LOADADDR (.ccmram)

.igot.plt       0x20000014        0x0 load address 0x08002eb8
 .igot.plt      0x20000014        0x0 C:/ST/STM32CubeIDE_1.18.1/STM32CubeIDE/plugins/com.st.stm32cube.ide.mcu.externaltools.gnu-tools-for-stm32.14.3.rel1.win32_1.0.100.202602081740/tools/bin/../lib/gcc/arm-none-eabi/14.3.1/thumb/v7e-m+fp/hard/crtbegin.o

.ccmram         0x10000000        0x0 load address 0x08002eb8
                0x10000000                        . = ALIGN (0x4)
                0x10000000                        _sccmram = .
 *(.ccmram)
 *(.ccmram*)
                0x10000000                        . = ALIGN (0x4)
                0x10000000                        _eccmram = .
                0x10000000                        . = ALIGN (0x4)

.bss            0x20000014       0xbc
                0x20000014                        _sbss = .
                0x20000014                        __bss_start__ = _sbss
 *(.bss)
 .bss           0x20000014       0x1c C:/ST/STM32CubeIDE_1.18.1/STM32CubeIDE/plugins/com.st.stm32cube.ide.mcu.externaltools.gnu-tools-for-stm32.14.3.rel1.win32_1.0.100.202602081740/tools/bin/../lib/gcc/arm-none-eabi/14.3.1/thumb/v7e-m+fp/hard/crtbegin.o
 *(.bss*)
 .bss.hadc1     0x20000030       0x48 ./Core/Src/main.o
                0x20000030                hadc1
 .bss.hsram1    0x20000078       0x50 ./Core/Src/main.o
                0x20000078                hsram1
 .bss.FSMC_Initialized
                0x200000c8        0x4 ./Core/Src/stm32f4xx_hal_msp.o
 .bss.uwTick    0x200000cc        0x4 ./Drivers/STM32F4xx_HAL_Driver/Src/stm32f4xx_hal.o
                0x200000cc                uwTick
 *(COMMON)
                0x200000d0                        . = ALIGN (0x4)
                0x200000d0                        _ebss = .
                0x200000d0                        __bss_end__ = _ebss

._user_heap_stack
                0x200000d0      0x600
                0x200000d0                        . = ALIGN (0x8)
                [!provide]                        PROVIDE (end = .)
                0x200000d0                        PROVIDE (_end = .)
                0x200002d0                        . = (. + _Min_Heap_Size)
 *fill*         0x200000d0      0x200 
                0x200006d0                        . = (. + _Min_Stack_Size)
 *fill*         0x200002d0      0x400 
                0x200006d0                        . = ALIGN (0x8)

/DISCARD/
 libc.a(*)
 libm.a(*)
 libgcc.a(*)

.ARM.attributes
                0x00000000       0x30
 *(.ARM.attributes)
 .ARM.attributes
                0x00000000       0x22 C:/ST/STM32CubeIDE_1.18.1/STM32CubeIDE/plugins/com.st.stm32cube.ide.mcu.externaltools.gnu-tools-for-stm32.14.3.rel1.win32_1.0.100.202602081740/tools/bin/../lib/gcc/arm-none-eabi/14.3.1/thumb/v7e-m+fp/hard/crti.o
 .ARM.attributes
                0x00000022       0x34 C:/ST/STM32CubeIDE_1.18.1/STM32CubeIDE/plugins/com.st.stm32cube.ide.mcu.externaltools.gnu-tools-for-stm32.14.3.rel1.win32_1.0.100.202602081740/tools/bin/../lib/gcc/arm-none-eabi/14.3.1/thumb/v7e-m+fp/hard/crtbegin.o
 .ARM.attributes
                0x00000056       0x34 ./Core/Src/general.o
 .ARM.attributes
                0x0000008a       0x34 ./Core/Src/main.o
 .ARM.attributes
                0x000000be       0x34 ./Core/Src/stm32f4xx_hal_msp.o
 .ARM.attributes
                0x000000f2       0x34 ./Core/Src/stm32f4xx_it.o
 .ARM.attributes
                0x00000126       0x34 ./Core/Src/system_stm32f4xx.o
 .ARM.attributes
                0x0000015a       0x34 ./Core/Src/tft.o
 .ARM.attributes
                0x0000018e       0x21 ./Core/Startup/startup_stm32f407vetx.o
 .ARM.attributes
                0x000001af       0x34 ./Drivers/Middlewares/TFT_LCD/ILI9341.o
 .ARM.attributes
                0x000001e3       0x34 ./Drivers/Middlewares/TFT_LCD/fonts.o
 .ARM.attributes
                0x00000217       0x34 ./Drivers/STM32F4xx_HAL_Driver/Src/stm32f4xx_hal.o
 .ARM.attributes
                0x0000024b       0x34 ./Drivers/STM32F4xx_HAL_Driver/Src/stm32f4xx_hal_adc.o
 .ARM.attributes
                0x0000027f       0x34 ./Drivers/STM32F4xx_HAL_Driver/Src/stm32f4xx_hal_cortex.o
 .ARM.attributes
                0x000002b3       0x34 ./Drivers/STM32F4xx_HAL_Driver/Src/stm32f4xx_hal_gpio.o
 .ARM.attributes
                0x000002e7       0x34 ./Drivers/STM32F4xx_HAL_Driver/Src/stm32f4xx_hal_rcc.o
 .ARM.attributes
                0x0000031b       0x34 ./Drivers/STM32F4xx_HAL_Driver/Src/stm32f4xx_hal_sram.o
 .ARM.attributes
                0x0000034f       0x34 ./Drivers/STM32F4xx_HAL_Driver/Src/stm32f4xx_ll_fsmc.o
 .ARM.attributes
                0x00000383       0x34 C:/ST/STM32CubeIDE_1.18.1/STM32CubeIDE/plugins/com.st.stm32cube.ide.mcu.externaltools.gnu-tools-for-stm32.14.3.rel1.win32_1.0.100.202602081740/tools/bin/../lib/gcc/arm-none-eabi/14.3.1/../../../../arm-none-eabi/lib/thumb/v7e-m+fp/hard\libc_nano.a(libc_a-memset.o)
 .ARM.attributes
                0x000003b7       0x34 C:/ST/STM32CubeIDE_1.18.1/STM32CubeIDE/plugins/com.st.stm32cube.ide.mcu.externaltools.gnu-tools-for-stm32.14.3.rel1.win32_1.0.100.202602081740/tools/bin/../lib/gcc/arm-none-eabi/14.3.1/../../../../arm-none-eabi/lib/thumb/v7e-m+fp/hard\libc_nano.a(libc_a-init.o)
 .ARM.attributes
                0x000003eb       0x22 C:/ST/STM32CubeIDE_1.18.1/STM32CubeIDE/plugins/com.st.stm32cube.ide.mcu.externaltools.gnu-tools-for-stm32.14.3.rel1.win32_1.0.100.202602081740/tools/bin/../lib/gcc/arm-none-eabi/14.3.1/thumb/v7e-m+fp/hard\libgcc.a(_aeabi_uldivmod.o)
 .ARM.attributes
                0x0000040d       0x34 C:/ST/STM32CubeIDE_1.18.1/STM32CubeIDE/plugins/com.st.stm32cube.ide.mcu.externaltools.gnu-tools-for-stm32.14.3.rel1.win32_1.0.100.202602081740/tools/bin/../lib/gcc/arm-none-eabi/14.3.1/thumb/v7e-m+fp/hard\libgcc.a(_udivmoddi4.o)
 .ARM.attributes
                0x00000441       0x22 C:/ST/STM32CubeIDE_1.18.1/STM32CubeIDE/plugins/com.st.stm32cube.ide.mcu.externaltools.gnu-tools-for-stm32.14.3.rel1.win32_1.0.100.202602081740/tools/bin/../lib/gcc/arm-none-eabi/14.3.1/thumb/v7e-m+fp/hard\libgcc.a(_dvmd_tls.o)
 .ARM.attributes
                0x00000463       0x22 C:/ST/STM32CubeIDE_1.18.1/STM32CubeIDE/plugins/com.st.stm32cube.ide.mcu.externaltools.gnu-tools-for-stm32.14.3.rel1.win32_1.0.100.202602081740/tools/bin/../lib/gcc/arm-none-eabi/14.3.1/thumb/v7e-m+fp/hard/crtn.o
OUTPUT(TFT_Screen.elf elf32-littlearm)
LOAD linker stubs
LOAD C:/ST/STM32CubeIDE_1.18.1/STM32CubeIDE/plugins/com.st.stm32cube.ide.mcu.externaltools.gnu-tools-for-stm32.14.3.rel1.win32_1.0.100.202602081740/tools/bin/../lib/gcc/arm-none-eabi/14.3.1/../../../../arm-none-eabi/lib/thumb/v7e-m+fp/hard\libc.a
LOAD C:/ST/STM32CubeIDE_1.18.1/STM32CubeIDE/plugins/com.st.stm32cube.ide.mcu.externaltools.gnu-tools-for-stm32.14.3.rel1.win32_1.0.100.202602081740/tools/bin/../lib/gcc/arm-none-eabi/14.3.1/../../../../arm-none-eabi/lib/thumb/v7e-m+fp/hard\libm.a
LOAD C:/ST/STM32CubeIDE_1.18.1/STM32CubeIDE/plugins/com.st.stm32cube.ide.mcu.externaltools.gnu-tools-for-stm32.14.3.rel1.win32_1.0.100.202602081740/tools/bin/../lib/gcc/arm-none-eabi/14.3.1/thumb/v7e-m+fp/hard\libgcc.a

.debug_info     0x00000000     0x7c96
 .debug_info    0x00000000      0x136 ./Core/Src/general.o
 .debug_info    0x00000136      0xf9f ./Core/Src/main.o
 .debug_info    0x000010d5      0xbb9 ./Core/Src/stm32f4xx_hal_msp.o
 .debug_info    0x00001c8e      0x112 ./Core/Src/stm32f4xx_it.o
 .debug_info    0x00001da0      0x512 ./Core/Src/system_stm32f4xx.o
 .debug_info    0x000022b2      0x74f ./Core/Src/tft.o
 .debug_info    0x00002a01       0x30 ./Core/Startup/startup_stm32f407vetx.o
 .debug_info    0x00002a31      0x56d ./Drivers/Middlewares/TFT_LCD/ILI9341.o
 .debug_info    0x00002f9e      0x2d2 ./Drivers/Middlewares/TFT_LCD/fonts.o
 .debug_info    0x00003270      0x944 ./Drivers/STM32F4xx_HAL_Driver/Src/stm32f4xx_hal.o
 .debug_info    0x00003bb4      0xce3 ./Drivers/STM32F4xx_HAL_Driver/Src/stm32f4xx_hal_adc.o
 .debug_info    0x00004897      0xd8c ./Drivers/STM32F4xx_HAL_Driver/Src/stm32f4xx_hal_cortex.o
 .debug_info    0x00005623      0x6c3 ./Drivers/STM32F4xx_HAL_Driver/Src/stm32f4xx_hal_gpio.o
 .debug_info    0x00005ce6      0x8c3 ./Drivers/STM32F4xx_HAL_Driver/Src/stm32f4xx_hal_rcc.o
 .debug_info    0x000065a9      0xd48 ./Drivers/STM32F4xx_HAL_Driver/Src/stm32f4xx_hal_sram.o
 .debug_info    0x000072f1      0x9a5 ./Drivers/STM32F4xx_HAL_Driver/Src/stm32f4xx_ll_fsmc.o

.debug_abbrev   0x00000000     0x1abb
 .debug_abbrev  0x00000000       0xaf ./Core/Src/general.o
 .debug_abbrev  0x000000af      0x25a ./Core/Src/main.o
 .debug_abbrev  0x00000309      0x1d4 ./Core/Src/stm32f4xx_hal_msp.o
 .debug_abbrev  0x000004dd       0x73 ./Core/Src/stm32f4xx_it.o
 .debug_abbrev  0x00000550      0x11a ./Core/Src/system_stm32f4xx.o
 .debug_abbrev  0x0000066a      0x1b4 ./Core/Src/tft.o
 .debug_abbrev  0x0000081e       0x24 ./Core/Startup/startup_stm32f407vetx.o
 .debug_abbrev  0x00000842      0x19e ./Drivers/Middlewares/TFT_LCD/ILI9341.o
 .debug_abbrev  0x000009e0      0x12f ./Drivers/Middlewares/TFT_LCD/fonts.o
 .debug_abbrev  0x00000b0f      0x214 ./Drivers/STM32F4xx_HAL_Driver/Src/stm32f4xx_hal.o
 .debug_abbrev  0x00000d23      0x252 ./Drivers/STM32F4xx_HAL_Driver/Src/stm32f4xx_hal_adc.o
 .debug_abbrev  0x00000f75      0x31d ./Drivers/STM32F4xx_HAL_Driver/Src/stm32f4xx_hal_cortex.o
 .debug_abbrev  0x00001292      0x1d4 ./Drivers/STM32F4xx_HAL_Driver/Src/stm32f4xx_hal_gpio.o
 .debug_abbrev  0x00001466      0x2b7 ./Drivers/STM32F4xx_HAL_Driver/Src/stm32f4xx_hal_rcc.o
 .debug_abbrev  0x0000171d      0x1f3 ./Drivers/STM32F4xx_HAL_Driver/Src/stm32f4xx_hal_sram.o
 .debug_abbrev  0x00001910      0x1ab ./Drivers/STM32F4xx_HAL_Driver/Src/stm32f4xx_ll_fsmc.o

.debug_aranges  0x00000000      0x7e8
 .debug_aranges
                0x00000000       0x30 ./Core/Src/general.o
 .debug_aranges
                0x00000030       0x48 ./Core/Src/main.o
 .debug_aranges
                0x00000078       0x50 ./Core/Src/stm32f4xx_hal_msp.o
 .debug_aranges
                0x000000c8       0x60 ./Core/Src/stm32f4xx_it.o
 .debug_aranges
                0x00000128       0x28 ./Core/Src/system_stm32f4xx.o
 .debug_aranges
                0x00000150       0x90 ./Core/Src/tft.o
 .debug_aranges
                0x000001e0       0x28 ./Core/Startup/startup_stm32f407vetx.o
 .debug_aranges
                0x00000208       0x78 ./Drivers/Middlewares/TFT_LCD/ILI9341.o
 .debug_aranges
                0x00000280       0x20 ./Drivers/Middlewares/TFT_LCD/fonts.o
 .debug_aranges
                0x000002a0       0xf0 ./Drivers/STM32F4xx_HAL_Driver/Src/stm32f4xx_hal.o
 .debug_aranges
                0x00000390       0xe8 ./Drivers/STM32F4xx_HAL_Driver/Src/stm32f4xx_hal_adc.o
 .debug_aranges
                0x00000478      0x130 ./Drivers/STM32F4xx_HAL_Driver/Src/stm32f4xx_hal_cortex.o
 .debug_aranges
                0x000005a8       0x58 ./Drivers/STM32F4xx_HAL_Driver/Src/stm32f4xx_hal_gpio.o
 .debug_aranges
                0x00000600       0x88 ./Drivers/STM32F4xx_HAL_Driver/Src/stm32f4xx_hal_rcc.o
 .debug_aranges
                0x00000688       0xb8 ./Drivers/STM32F4xx_HAL_Driver/Src/stm32f4xx_hal_sram.o
 .debug_aranges
                0x00000740       0xa8 ./Drivers/STM32F4xx_HAL_Driver/Src/stm32f4xx_ll_fsmc.o

.debug_rnglists
                0x00000000      0x5d7
 .debug_rnglists
                0x00000000       0x1f ./Core/Src/general.o
 .debug_rnglists
                0x0000001f       0x35 ./Core/Src/main.o
 .debug_rnglists
                0x00000054       0x39 ./Core/Src/stm32f4xx_hal_msp.o
 .debug_rnglists
                0x0000008d       0x43 ./Core/Src/stm32f4xx_it.o
 .debug_rnglists
                0x000000d0       0x1a ./Core/Src/system_stm32f4xx.o
 .debug_rnglists
                0x000000ea       0x69 ./Core/Src/tft.o
 .debug_rnglists
                0x00000153       0x19 ./Core/Startup/startup_stm32f407vetx.o
 .debug_rnglists
                0x0000016c       0x66 ./Drivers/Middlewares/TFT_LCD/ILI9341.o
 .debug_rnglists
                0x000001d2       0x13 ./Drivers/Middlewares/TFT_LCD/fonts.o
 .debug_rnglists
                0x000001e5       0xaf ./Drivers/STM32F4xx_HAL_Driver/Src/stm32f4xx_hal.o
 .debug_rnglists
                0x00000294       0xb5 ./Drivers/STM32F4xx_HAL_Driver/Src/stm32f4xx_hal_adc.o
 .debug_rnglists
                0x00000349       0xe0 ./Drivers/STM32F4xx_HAL_Driver/Src/stm32f4xx_hal_cortex.o
 .debug_rnglists
                0x00000429       0x3f ./Drivers/STM32F4xx_HAL_Driver/Src/stm32f4xx_hal_gpio.o
 .debug_rnglists
                0x00000468       0x66 ./Drivers/STM32F4xx_HAL_Driver/Src/stm32f4xx_hal_rcc.o
 .debug_rnglists
                0x000004ce       0x8d ./Drivers/STM32F4xx_HAL_Driver/Src/stm32f4xx_hal_sram.o
 .debug_rnglists
                0x0000055b       0x7c ./Drivers/STM32F4xx_HAL_Driver/Src/stm32f4xx_ll_fsmc.o

.debug_macro    0x00000000    0x222a6
 .debug_macro   0x00000000      0x30c ./Core/Src/general.o
 .debug_macro   0x0000030c      0xad8 ./Core/Src/general.o
 .debug_macro   0x00000de4      0x29b ./Core/Src/general.o
 .debug_macro   0x0000107f       0x2e ./Core/Src/general.o
 .debug_macro   0x000010ad       0x2f ./Core/Src/general.o
 .debug_macro   0x000010dc       0x22 ./Core/Src/general.o
 .debug_macro   0x000010fe       0x8e ./Core/Src/general.o
 .debug_macro   0x0000118c       0x51 ./Core/Src/general.o
 .debug_macro   0x000011dd      0x103 ./Core/Src/general.o
 .debug_macro   0x000012e0       0x6a ./Core/Src/general.o
 .debug_macro   0x0000134a      0x1df ./Core/Src/general.o
 .debug_macro   0x00001529       0x1c ./Core/Src/general.o
 .debug_macro   0x00001545       0x22 ./Core/Src/general.o
 .debug_macro   0x00001567       0xfb ./Core/Src/general.o
 .debug_macro   0x00001662     0x1011 ./Core/Src/general.o
 .debug_macro   0x00002673      0x11f ./Core/Src/general.o
 .debug_macro   0x00002792    0x15ea5 ./Core/Src/general.o
 .debug_macro   0x00018637       0x6d ./Core/Src/general.o
 .debug_macro   0x000186a4     0x3693 ./Core/Src/general.o
 .debug_macro   0x0001bd37      0x190 ./Core/Src/general.o
 .debug_macro   0x0001bec7       0x5c ./Core/Src/general.o
 .debug_macro   0x0001bf23      0x980 ./Core/Src/general.o
 .debug_macro   0x0001c8a3      0x9e9 ./Core/Src/general.o
 .debug_macro   0x0001d28c      0x115 ./Core/Src/general.o
 .debug_macro   0x0001d3a1      0x13e ./Core/Src/general.o
 .debug_macro   0x0001d4df       0xa5 ./Core/Src/general.o
 .debug_macro   0x0001d584      0x174 ./Core/Src/general.o
 .debug_macro   0x0001d6f8      0x287 ./Core/Src/general.o
 .debug_macro   0x0001d97f       0x5f ./Core/Src/general.o
 .debug_macro   0x0001d9de      0x236 ./Core/Src/general.o
 .debug_macro   0x0001dc14      0xb5b ./Core/Src/general.o
 .debug_macro   0x0001e76f      0x38b ./Core/Src/general.o
 .debug_macro   0x0001eafa      0x176 ./Core/Src/general.o
 .debug_macro   0x0001ec70       0xf9 ./Core/Src/general.o
 .debug_macro   0x0001ed69      0x12c ./Core/Src/general.o
 .debug_macro   0x0001ee95      0x21e ./Core/Src/general.o
 .debug_macro   0x0001f0b3       0x2e ./Core/Src/general.o
 .debug_macro   0x0001f0e1      0x516 ./Core/Src/general.o
 .debug_macro   0x0001f5f7      0x127 ./Core/Src/general.o
 .debug_macro   0x0001f71e       0x7e ./Core/Src/general.o
 .debug_macro   0x0001f79c       0x89 ./Core/Src/general.o
 .debug_macro   0x0001f825      0x12d ./Core/Src/general.o
 .debug_macro   0x0001f952       0x7c ./Core/Src/general.o
 .debug_macro   0x0001f9ce       0xa0 ./Core/Src/general.o
 .debug_macro   0x0001fa6e       0x61 ./Core/Src/general.o
 .debug_macro   0x0001facf       0x2a ./Core/Src/general.o
 .debug_macro   0x0001faf9       0x43 ./Core/Src/general.o
 .debug_macro   0x0001fb3c       0x34 ./Core/Src/general.o
 .debug_macro   0x0001fb70      0x364 ./Core/Src/general.o
 .debug_macro   0x0001fed4       0x16 ./Core/Src/general.o
 .debug_macro   0x0001feea       0x4a ./Core/Src/general.o
 .debug_macro   0x0001ff34       0x34 ./Core/Src/general.o
 .debug_macro   0x0001ff68       0x10 ./Core/Src/general.o
 .debug_macro   0x0001ff78       0x58 ./Core/Src/general.o
 .debug_macro   0x0001ffd0       0x8e ./Core/Src/general.o
 .debug_macro   0x0002005e       0x1c ./Core/Src/general.o
 .debug_macro   0x0002007a      0x17e ./Core/Src/general.o
 .debug_macro   0x000201f8       0x10 ./Core/Src/general.o
 .debug_macro   0x00020208       0x3c ./Core/Src/general.o
 .debug_macro   0x00020244       0x20 ./Core/Src/general.o
 .debug_macro   0x00020264       0x52 ./Core/Src/general.o
 .debug_macro   0x000202b6      0x306 ./Core/Src/main.o
 .debug_macro   0x000205bc       0xa6 ./Core/Src/main.o
 .debug_macro   0x00020662      0x202 ./Core/Src/stm32f4xx_hal_msp.o
 .debug_macro   0x00020864      0x20c ./Core/Src/stm32f4xx_it.o
 .debug_macro   0x00020a70      0x1f3 ./Core/Src/system_stm32f4xx.o
 .debug_macro   0x00020c63      0x2fc ./Core/Src/tft.o
 .debug_macro   0x00020f5f      0x211 ./Drivers/Middlewares/TFT_LCD/ILI9341.o
 .debug_macro   0x00021170      0x2cb ./Drivers/Middlewares/TFT_LCD/fonts.o
 .debug_macro   0x0002143b      0x253 ./Drivers/STM32F4xx_HAL_Driver/Src/stm32f4xx_hal.o
 .debug_macro   0x0002168e      0x1f4 ./Drivers/STM32F4xx_HAL_Driver/Src/stm32f4xx_hal_adc.o
 .debug_macro   0x00021882      0x1f3 ./Drivers/STM32F4xx_HAL_Driver/Src/stm32f4xx_hal_cortex.o
 .debug_macro   0x00021a75      0x1f9 ./Drivers/STM32F4xx_HAL_Driver/Src/stm32f4xx_hal_gpio.o
 .debug_macro   0x00021c6e      0x217 ./Drivers/STM32F4xx_HAL_Driver/Src/stm32f4xx_hal_rcc.o
 .debug_macro   0x00021e85      0x1f3 ./Drivers/STM32F4xx_HAL_Driver/Src/stm32f4xx_hal_sram.o
 .debug_macro   0x00022078      0x22e ./Drivers/STM32F4xx_HAL_Driver/Src/stm32f4xx_ll_fsmc.o

.debug_line     0x00000000     0xa8df
 .debug_line    0x00000000      0x9b0 ./Core/Src/general.o
 .debug_line    0x000009b0      0xb0c ./Core/Src/main.o
 .debug_line    0x000014bc      0x86f ./Core/Src/stm32f4xx_hal_msp.o
 .debug_line    0x00001d2b      0x82a ./Core/Src/stm32f4xx_it.o
 .debug_line    0x00002555      0x7f1 ./Core/Src/system_stm32f4xx.o
 .debug_line    0x00002d46      0xb81 ./Core/Src/tft.o
 .debug_line    0x000038c7       0x7a ./Core/Startup/startup_stm32f407vetx.o
 .debug_line    0x00003941      0xb10 ./Drivers/Middlewares/TFT_LCD/ILI9341.o
 .debug_line    0x00004451      0x8fc ./Drivers/Middlewares/TFT_LCD/fonts.o
 .debug_line    0x00004d4d      0xa70 ./Drivers/STM32F4xx_HAL_Driver/Src/stm32f4xx_hal.o
 .debug_line    0x000057bd     0x1284 ./Drivers/STM32F4xx_HAL_Driver/Src/stm32f4xx_hal_adc.o
 .debug_line    0x00006a41      0xd3d ./Drivers/STM32F4xx_HAL_Driver/Src/stm32f4xx_hal_cortex.o
 .debug_line    0x0000777e      0xbc2 ./Drivers/STM32F4xx_HAL_Driver/Src/stm32f4xx_hal_gpio.o
 .debug_line    0x00008340      0xe7c ./Drivers/STM32F4xx_HAL_Driver/Src/stm32f4xx_hal_rcc.o
 .debug_line    0x000091bc      0xc5a ./Drivers/STM32F4xx_HAL_Driver/Src/stm32f4xx_hal_sram.o
 .debug_line    0x00009e16      0xac9 ./Drivers/STM32F4xx_HAL_Driver/Src/stm32f4xx_ll_fsmc.o

.debug_str      0x00000000    0xd04bf
 .debug_str     0x00000000    0xd04bf ./Core/Src/general.o
                              0xcdc13 (size before relaxing)
 .debug_str     0x000d04bf    0xce614 ./Core/Src/main.o
 .debug_str     0x000d04bf    0xcad6f ./Core/Src/stm32f4xx_hal_msp.o
 .debug_str     0x000d04bf    0xca61d ./Core/Src/stm32f4xx_it.o
 .debug_str     0x000d04bf    0xca52d ./Core/Src/system_stm32f4xx.o
 .debug_str     0x000d04bf    0xcddf2 ./Core/Src/tft.o
 .debug_str     0x000d04bf       0xae ./Core/Startup/startup_stm32f407vetx.o
 .debug_str     0x000d04bf    0xcaa8f ./Drivers/Middlewares/TFT_LCD/ILI9341.o
 .debug_str     0x000d04bf    0xcd5dc ./Drivers/Middlewares/TFT_LCD/fonts.o
 .debug_str     0x000d04bf    0xcb0b1 ./Drivers/STM32F4xx_HAL_Driver/Src/stm32f4xx_hal.o
 .debug_str     0x000d04bf    0xcab1a ./Drivers/STM32F4xx_HAL_Driver/Src/stm32f4xx_hal_adc.o
 .debug_str     0x000d04bf    0xcae2d ./Drivers/STM32F4xx_HAL_Driver/Src/stm32f4xx_hal_cortex.o
 .debug_str     0x000d04bf    0xca6a8 ./Drivers/STM32F4xx_HAL_Driver/Src/stm32f4xx_hal_gpio.o
 .debug_str     0x000d04bf    0xca961 ./Drivers/STM32F4xx_HAL_Driver/Src/stm32f4xx_hal_rcc.o
 .debug_str     0x000d04bf    0xcab2b ./Drivers/STM32F4xx_HAL_Driver/Src/stm32f4xx_hal_sram.o
 .debug_str     0x000d04bf    0xcad98 ./Drivers/STM32F4xx_HAL_Driver/Src/stm32f4xx_ll_fsmc.o

.comment        0x00000000       0x43
 .comment       0x00000000       0x43 ./Core/Src/general.o
                                 0x44 (size before relaxing)
 .comment       0x00000043       0x44 ./Core/Src/main.o
 .comment       0x00000043       0x44 ./Core/Src/stm32f4xx_hal_msp.o
 .comment       0x00000043       0x44 ./Core/Src/stm32f4xx_it.o
 .comment       0x00000043       0x44 ./Core/Src/system_stm32f4xx.o
 .comment       0x00000043       0x44 ./Core/Src/tft.o
 .comment       0x00000043       0x44 ./Drivers/Middlewares/TFT_LCD/ILI9341.o
 .comment       0x00000043       0x44 ./Drivers/Middlewares/TFT_LCD/fonts.o
 .comment       0x00000043       0x44 ./Drivers/STM32F4xx_HAL_Driver/Src/stm32f4xx_hal.o
 .comment       0x00000043       0x44 ./Drivers/STM32F4xx_HAL_Driver/Src/stm32f4xx_hal_adc.o
 .comment       0x00000043       0x44 ./Drivers/STM32F4xx_HAL_Driver/Src/stm32f4xx_hal_cortex.o
 .comment       0x00000043       0x44 ./Drivers/STM32F4xx_HAL_Driver/Src/stm32f4xx_hal_gpio.o
 .comment       0x00000043       0x44 ./Drivers/STM32F4xx_HAL_Driver/Src/stm32f4xx_hal_rcc.o
 .comment       0x00000043       0x44 ./Drivers/STM32F4xx_HAL_Driver/Src/stm32f4xx_hal_sram.o
 .comment       0x00000043       0x44 ./Drivers/STM32F4xx_HAL_Driver/Src/stm32f4xx_ll_fsmc.o

.debug_frame    0x00000000     0x1c78
 .debug_frame   0x00000000       0x64 ./Core/Src/general.o
 .debug_frame   0x00000064       0xd4 ./Core/Src/main.o
 .debug_frame   0x00000138      0x104 ./Core/Src/stm32f4xx_hal_msp.o
 .debug_frame   0x0000023c       0xf8 ./Core/Src/stm32f4xx_it.o
 .debug_frame   0x00000334       0x50 ./Core/Src/system_stm32f4xx.o
 .debug_frame   0x00000384      0x230 ./Core/Src/tft.o
 .debug_frame   0x000005b4      0x1d0 ./Drivers/Middlewares/TFT_LCD/ILI9341.o
 .debug_frame   0x00000784       0x38 ./Drivers/Middlewares/TFT_LCD/fonts.o
 .debug_frame   0x000007bc      0x31c ./Drivers/STM32F4xx_HAL_Driver/Src/stm32f4xx_hal.o
 .debug_frame   0x00000ad8      0x3bc ./Drivers/STM32F4xx_HAL_Driver/Src/stm32f4xx_hal_adc.o
 .debug_frame   0x00000e94      0x4b8 ./Drivers/STM32F4xx_HAL_Driver/Src/stm32f4xx_hal_cortex.o
 .debug_frame   0x0000134c      0x130 ./Drivers/STM32F4xx_HAL_Driver/Src/stm32f4xx_hal_gpio.o
 .debug_frame   0x0000147c      0x1d8 ./Drivers/STM32F4xx_HAL_Driver/Src/stm32f4xx_hal_rcc.o
 .debug_frame   0x00001654      0x2e0 ./Drivers/STM32F4xx_HAL_Driver/Src/stm32f4xx_hal_sram.o
 .debug_frame   0x00001934      0x298 ./Drivers/STM32F4xx_HAL_Driver/Src/stm32f4xx_ll_fsmc.o
 .debug_frame   0x00001bcc       0x20 C:/ST/STM32CubeIDE_1.18.1/STM32CubeIDE/plugins/com.st.stm32cube.ide.mcu.externaltools.gnu-tools-for-stm32.14.3.rel1.win32_1.0.100.202602081740/tools/bin/../lib/gcc/arm-none-eabi/14.3.1/../../../../arm-none-eabi/lib/thumb/v7e-m+fp/hard\libc_nano.a(libc_a-memset.o)
 .debug_frame   0x00001bec       0x2c C:/ST/STM32CubeIDE_1.18.1/STM32CubeIDE/plugins/com.st.stm32cube.ide.mcu.externaltools.gnu-tools-for-stm32.14.3.rel1.win32_1.0.100.202602081740/tools/bin/../lib/gcc/arm-none-eabi/14.3.1/../../../../arm-none-eabi/lib/thumb/v7e-m+fp/hard\libc_nano.a(libc_a-init.o)
 .debug_frame   0x00001c18       0x2c C:/ST/STM32CubeIDE_1.18.1/STM32CubeIDE/plugins/com.st.stm32cube.ide.mcu.externaltools.gnu-tools-for-stm32.14.3.rel1.win32_1.0.100.202602081740/tools/bin/../lib/gcc/arm-none-eabi/14.3.1/thumb/v7e-m+fp/hard\libgcc.a(_aeabi_uldivmod.o)
 .debug_frame   0x00001c44       0x34 C:/ST/STM32CubeIDE_1.18.1/STM32CubeIDE/plugins/com.st.stm32cube.ide.mcu.externaltools.gnu-tools-for-stm32.14.3.rel1.win32_1.0.100.202602081740/tools/bin/../lib/gcc/arm-none-eabi/14.3.1/thumb/v7e-m+fp/hard\libgcc.a(_udivmoddi4.o)

.debug_line_str
                0x00000000       0x92
 .debug_line_str
                0x00000000       0x92 ./Core/Startup/startup_stm32f407vetx.o
