../Drivers/Middlewares/TFT_LCD/ILI9341.c:6:6:ILI9341_WriteCmd	16	static
../Drivers/Middlewares/TFT_LCD/ILI9341.c:11:6:ILI9341_WriteData	16	static
../Drivers/Middlewares/TFT_LCD/ILI9341.c:16:6:ILI9341_WriteData16	16	static
../Drivers/Middlewares/TFT_LCD/ILI9341.c:26:6:ILI9341_SetWindow	24	static
../Drivers/Middlewares/TFT_LCD/ILI9341.c:45:6:ILI9341_Init	8	static
../Drivers/Middlewares/TFT_LCD/ILI9341.c:174:6:ILI9341_FillScreen	24	static
../Drivers/Middlewares/TFT_LCD/ILI9341.c:182:6:ILI9341_DrawPixel	16	static
../Drivers/Middlewares/TFT_LCD/ILI9341.c:189:6:ILI9341_FillRect	32	static
../Drivers/Middlewares/TFT_LCD/ILI9341.c:200:6:ILI9341_DrawRect	32	static
../Drivers/Middlewares/TFT_LCD/ILI9341.c:209:6:ILI9341_DrawLine	40	static
../Drivers/Middlewares/TFT_LCD/ILI9341.c:226:6:ILI9341_DrawCircle	32	static
../Drivers/Middlewares/TFT_LCD/ILI9341.c:245:6:ILI9341_FillCircle	40	static
